Microchip MPLAB XC8 Compiler V2.50

Linker command line:

-W-3 --edf=/Applications/microchip/xc8/v2.50/pic/dat/20240725155939_en.msgs \
  -cn -h+dist/default/production/24016_002_Car_Black_Box.X.production.sym \
  --cmf=dist/default/production/24016_002_Car_Black_Box.X.production.cmf -z \
  -Q18F4580 -o/tmp/xcIvO85nW/driver_tmp_3.o --defsym=__MPLAB_BUILD=1 \
  --fixupoverflow=error \
  -Mdist/default/production/24016_002_Car_Black_Box.X.production.map \
  --md=/tmp/xcIvO85nW/driver_tmp_0.dat -E1 -ver=XC8 Compiler --acfsm=1493 \
  -ACODE=00h-07FFFh -ACONST=00h-07FFFh -ASMALLCONST=0600h-06FFhx122 \
  -AMEDIUMCONST=0600h-07FFFh -ACOMRAM=01h-05Fh -AABS1=00h-05FFh \
  -ABIGRAM=01h-05FFh -ARAM=060h-0FFh,0100h-01FFhx5 -ABANK0=060h-0FFh \
  -ABANK1=0100h-01FFh -ABANK2=0200h-02FFh -ABANK3=0300h-03FFh \
  -ABANK4=0400h-04FFh -ABANK5=0500h-05FFh \
  -ASFR=0D00h-0DFFhx2,0F00h-0F5Fh,0F60h-0FFFh -ABIGSFR=0D00h-0FFFh \
  -ACONFIG=0300000h-030000Dh -AIDLOC=0200000h-0200007h \
  -AEEDATA=0F00000h-0F000FFh -peeprom_data=EEDATA \
  -preset_vec=00h,intcode,sivt_hi,intcodelo,sivt_lo,powerup,init \
  -pramtop=0600h -psmallconst=SMALLCONST -pmediumconst=MEDIUMCONST \
  -pconst=CONST -AFARRAM=00h-00h \
  -prdata=COMRAM,nvrram=COMRAM,nvbit=COMRAM,rbss=COMRAM,rbit=COMRAM \
  -pfarbss=FARRAM,fardata=FARRAM,nvFARRAM=FARRAM \
  -pintsave_regs=BIGRAM,bigbss=BIGRAM,bigdata=BIGRAM -pbss=RAM \
  -pidata=CODE,irdata=CODE,ibigdata=CODE,ifardata=CODE -prparam=COMRAM \
  /tmp/xcIvO85nW/driver_tmp_9.o \
  dist/default/production/24016_002_Car_Black_Box.X.production.o 

Object code version is 3.11

Machine type is 18F4580



                Name                               Link     Load   Length Selector   Space Scale
/tmp/xcIvO85nW/driver_tmp_9.o
                idloc                            200000   200000        8        0       5
                config                           300000   300000        E        0       4
                init                                  0        0        4        0       0
dist/default/production/24016_002_Car_Black_Box.X.production.o
                idloc                            200000   200000        8        0       5
                config                           300000   300000        E        0       4
                smallconst                          600      600       7E      300       0
                text43                             2022     2022       3A      33F       0
                text42                             1E00     1E00       6C      33F       0
                text41                             1ED0     1ED0       50      33F       0
                text40                             214A     214A       18      33F       0
                text39                              C5C      C5C      216      33F       0
                text38                             21EC     21EC        6      33F       0
                text37                             218A     218A       12      33F       0
                text36                             21E4     21E4        8      33F       0
                text35                             21B8     21B8        C      33F       0
                text34                             21DC     21DC        8      33F       0
                text33                             21D4     21D4        8      33F       0
                text32                             21CC     21CC        8      33F       0
                text31                             21AC     21AC        C      33F       0
                text30                             20E4     20E4       2A      33F       0
                text29                             1562     1562      160      33F       0
                text28                             2162     2162       16      33F       0
                text27                             205C     205C       34      33F       0
                text26                              A00      A00      25C      33F       0
                text25                             20BA     20BA       2A      33F       0
                text24                             1AFE     1AFE       A6      33F       0
                text23                             2090     2090       2A      33F       0
                text22                             212C     212C       1E      33F       0
                text21                             1FE4     1FE4       3E      33F       0
                text20                             219C     219C       10      33F       0
                text19                             21C4     21C4        8      33F       0
                text18                             2178     2178       12      33F       0
                text17                             210E     210E       1E      33F       0
                text16                             16C2     16C2      108      33F       0
                text15                             1D1E     1D1E       74      33F       0
                text14                             1C2E     1C2E       7C      33F       0
                text13                             198E     198E       C2      33F       0
                text12                             1A50     1A50       AE      33F       0
                text11                              67E      67E      382      33F       0
                text10                              E72      E72      204      33F       0
                text9                              1CAA     1CAA       74      33F       0
                text8                              1E6C     1E6C       64      33F       0
                text7                              1FA4     1FA4       40      33F       0
                text6                              1254     1254      1AE      33F       0
                text5                              1BA4     1BA4       8A      33F       0
                text4                              1F64     1F64       40      33F       0
                text3                              1076     1076      1DE      33F       0
                text2                              17CA     17CA       EE      33F       0
                text1                              1402     1402      160      33F       0
                text0                              18B8     18B8       D6      33F       0
                cstackCOMRAM                          1        1       5E        1       1
                bssBANK1                            100      100       82      100       1
                dataBANK0                            60       60       6E       60       1
                bssBANK0                             CE       CE       1E       60       1
                bssCOMRAM                            5F       5F        1        1       1
                cinit                              1F20     1F20       44      33F       0
                idataBANK0                         1D92     1D92       6E      33F       0

TOTAL           Name                               Link     Load   Length     Space
        CLASS   CODE           
                init                                  0        0        4         0
                text43                             2022     2022       3A         0
                text42                             1E00     1E00       6C         0
                text41                             1ED0     1ED0       50         0
                text40                             214A     214A       18         0
                text39                              C5C      C5C      216         0
                text38                             21EC     21EC        6         0
                text37                             218A     218A       12         0
                text36                             21E4     21E4        8         0
                text35                             21B8     21B8        C         0
                text34                             21DC     21DC        8         0
                text33                             21D4     21D4        8         0
                text32                             21CC     21CC        8         0
                text31                             21AC     21AC        C         0
                text30                             20E4     20E4       2A         0
                text29                             1562     1562      160         0
                text28                             2162     2162       16         0
                text27                             205C     205C       34         0
                text26                              A00      A00      25C         0
                text25                             20BA     20BA       2A         0
                text24                             1AFE     1AFE       A6         0
                text23                             2090     2090       2A         0
                text22                             212C     212C       1E         0
                text21                             1FE4     1FE4       3E         0
                text20                             219C     219C       10         0
                text19                             21C4     21C4        8         0
                text18                             2178     2178       12         0
                text17                             210E     210E       1E         0
                text16                             16C2     16C2      108         0
                text15                             1D1E     1D1E       74         0
                text14                             1C2E     1C2E       7C         0
                text13                             198E     198E       C2         0
                text12                             1A50     1A50       AE         0
                text11                              67E      67E      382         0
                text10                              E72      E72      204         0
                text9                              1CAA     1CAA       74         0
                text8                              1E6C     1E6C       64         0
                text7                              1FA4     1FA4       40         0
                text6                              1254     1254      1AE         0
                text5                              1BA4     1BA4       8A         0
                text4                              1F64     1F64       40         0
                text3                              1076     1076      1DE         0
                text2                              17CA     17CA       EE         0
                text1                              1402     1402      160         0
                text0                              18B8     18B8       D6         0
                cinit                              1F20     1F20       44         0
                idataBANK0                         1D92     1D92       6E         0

        CLASS   CONST          

        CLASS   SMALLCONST     
                smallconst                          600      600       7E         0

        CLASS   MEDIUMCONST    

        CLASS   COMRAM         
                cstackCOMRAM                          1        1       5E         1
                bssCOMRAM                            5F       5F        1         1

        CLASS   ABS1           

        CLASS   BIGRAM         

        CLASS   RAM            

        CLASS   BANK0          
                dataBANK0                            60       60       6E         1
                bssBANK0                             CE       CE       1E         1

        CLASS   BANK1          
                bssBANK1                            100      100       82         1

        CLASS   BANK2          

        CLASS   BANK3          

        CLASS   BANK4          

        CLASS   BANK5          

        CLASS   SFR            

        CLASS   BIGSFR         

        CLASS   CONFIG         
                config                           300000   300000        E         4

        CLASS   IDLOC          
                idloc                            200000   200000        8         5

        CLASS   EEDATA         

        CLASS   FARRAM         

        CLASS   HEAP           

        CLASS   STACK          



SEGMENTS        Name                           Load    Length   Top    Selector   Space  Class

                reset_vec                      000000  000004  000004         0       0  CODE    
                dataBANK0                      000060  00008C  0000EC        60       1  BANK0   
                text11                         00067E  001B74  0021F2       33F       0  CODE    
                bssBANK1                       000100  000082  000182       100       1  BANK1   
                cstackCOMRAM                   000001  00005F  000060         1       1  COMRAM  
                smallconst                     000600  00007E  00067E       300       0  SMALLCON


UNUSED ADDRESS RANGES

        Name                Unused          Largest block    Delta
        BANK0            0000EC-0000FF               14
        BANK1            000182-0001FF               7E
        BANK2            000200-0002FF              100
        BANK3            000300-0003FF              100
        BANK4            000400-0004FF              100
        BANK5            000500-0005FF              100
        BIGRAM           0000EC-0000FF               14
                         000182-0005FF              47E
        BIGSFR           000D00-000FFF              300
        CODE             000004-0005FF              5FC
                         0021F2-007FFF             5E0E
        CONST            000004-0005FF              5FC
                         0021F2-007FFF             5E0E
        EEDATA           F00000-F000FF              100
        MEDIUMCONST      0021F2-007FFF             5E0E
        RAM              0000EC-0000FF               14
                         000182-0005FF              100
        SFR              000D00-000FFF              100
        SMALLCONST       0021F2-007FFF              100

                                  Symbol Table

?___awdiv                      cstackCOMRAM 000001
?___awmod                      cstackCOMRAM 000001
?___lwdiv                      cstackCOMRAM 000001
?___lwmod                      cstackCOMRAM 000001
?_read_adc                     cstackCOMRAM 000001
_ACKDT                         (abs)        007E2D
_ACKEN                         (abs)        007E2C
_ACKSTAT                       (abs)        007E2E
_ACQT0                         (abs)        007E03
_ACQT1                         (abs)        007E04
_ACQT2                         (abs)        007E05
_ADCS0                         (abs)        007E00
_ADCS1                         (abs)        007E01
_ADCS2                         (abs)        007E02
_ADFM                          (abs)        007E07
_ADON                          (abs)        007E10
_ADRESH                        (abs)        000FC4
_ADRESL                        (abs)        000FC3
_BRGH                          (abs)        007D62
_CFGS                          (abs)        007D36
_CHS0                          (abs)        007E12
_CHS1                          (abs)        007E13
_CHS2                          (abs)        007E14
_CHS3                          (abs)        007E15
_CKE                           (abs)        007E3E
_CREN                          (abs)        007D5C
_EEADR                         (abs)        000FA9
_EECON2                        (abs)        000FA7
_EEDATA                        (abs)        000FA8
_EEPGD                         (abs)        007D37
_GIE                           (abs)        007F97
_GO                            (abs)        007E11
_PCFG0                         (abs)        007E08
_PCFG1                         (abs)        007E09
_PCFG2                         (abs)        007E0A
_PCFG3                         (abs)        007E0B
_PEN                           (abs)        007E2A
_PORTD                         (abs)        000F83
_RB1                           (abs)        007C09
_RB2                           (abs)        007C0A
_RB3                           (abs)        007C0B
_RB4                           (abs)        007C0C
_RB5                           (abs)        007C0D
_RB6                           (abs)        007C0E
_RB7                           (abs)        007C0F
_RBPU                          (abs)        007F8F
_RC0                           (abs)        007C10
_RC1                           (abs)        007C11
_RC2                           (abs)        007C12
_RCEN                          (abs)        007E2B
_RCIE                          (abs)        007CED
_RCIF                          (abs)        007CF5
_RCREG                         (abs)        000FAE
_RD                            (abs)        007D30
_RD7                           (abs)        007C1F
_RSEN                          (abs)        007E29
_SEN                           (abs)        007E28
_SPBRG                         (abs)        000FAF
_SPEN                          (abs)        007D5F
_SSPADD                        (abs)        000FC8
_SSPBUF                        (abs)        000FC9
_SSPCON1                       (abs)        000FC6
_SSPIF                         (abs)        007CF3
_TRISB                         (abs)        000F93
_TRISC                         (abs)        000F94
_TRISC3                        (abs)        007CA3
_TRISC4                        (abs)        007CA4
_TRISC6                        (abs)        007CA6
_TRISC7                        (abs)        007CA7
_TRISD                         (abs)        000F95
_TRISD7                        (abs)        007CAF
_TXIF                          (abs)        007CF4
_TXREG                         (abs)        000FAD
_VCFG0                         (abs)        007E0C
_VCFG1                         (abs)        007E0D
_WR                            (abs)        007D31
_WREN                          (abs)        007D32
__HRAM                         (abs)        000000
__H__absolute__                __absolute__ 000000
__Habs1                        abs1         000000
__Hbank0                       bank0        000000
__Hbank1                       bank1        000000
__Hbank2                       bank2        000000
__Hbank3                       bank3        000000
__Hbank4                       bank4        000000
__Hbank5                       bank5        000000
__Hbigbss                      bigbss       000000
__Hbigdata                     bigdata      000000
__Hbigram                      bigram       000000
__Hbigsfr                      bigsfr       000000
__Hbss                         bss          000000
__HbssBANK0                    bssBANK0     000000
__HbssBANK1                    bssBANK1     000000
__HbssCOMRAM                   bssCOMRAM    000000
__Hcinit                       cinit        000000
__Hclrtext                     clrtext      000000
__Hcomram                      comram       000000
__Hconfig                      config       30000E
__Hconst                       const        000000
__HcstackCOMRAM                cstackCOMRAM 000000
__Hdata                        data         000000
__HdataBANK0                   dataBANK0    000000
__Heeprom_data                 eeprom_data  000000
__Hfarbss                      farbss       000000
__Hfardata                     fardata      000000
__Hheap                        heap         000000
__Hibigdata                    ibigdata     000000
__Hidata                       idata        000000
__HidataBANK0                  idataBANK0   000000
__Hidloc                       idloc        200008
__Hifardata                    ifardata     000000
__Hinit                        init         000004
__Hintcode                     intcode      000000
__Hintcode_body                intcode_body 000000
__Hintcodelo                   intcodelo    000000
__Hintentry                    intentry     000000
__Hintret                      intret       000000
__Hintsave_regs                intsave_regs 000000
__Hirdata                      irdata       000000
__Hmediumconst                 mediumconst  000000
__HnvFARRAM                    nvFARRAM     000000
__Hnvbit                       nvbit        000000
__Hnvrram                      nvrram       000000
__Hparam                       rparam       000000
__Hpowerup                     powerup      000000
__Hram                         ram          000000
__Hramtop                      ramtop       000600
__Hrbit                        rbit         000000
__Hrbss                        rbss         000000
__Hrdata                       rdata        000000
__Hreset_vec                   reset_vec    000000
__Hrparam                      rparam       000000
__Hsfr                         sfr          000000
__Hsivt_hi                     sivt_hi      000000
__Hsivt_lo                     sivt_lo      000000
__Hsmallconst                  smallconst   00067E
__Hspace_0                     (abs)        0021F2
__Hspace_1                     (abs)        000182
__Hspace_2                     (abs)        000000
__Hspace_4                     (abs)        60000E
__Hstack                       stack        000000
__Hstruct                      struct       000000
__Htemp                        temp         000000
__Htext                        text         000000
__Htext0                       text0        000000
__Htext1                       text1        000000
__Htext10                      text10       000000
__Htext11                      text11       000000
__Htext12                      text12       000000
__Htext13                      text13       000000
__Htext14                      text14       000000
__Htext15                      text15       000000
__Htext16                      text16       000000
__Htext17                      text17       000000
__Htext18                      text18       000000
__Htext19                      text19       000000
__Htext2                       text2        000000
__Htext20                      text20       000000
__Htext21                      text21       000000
__Htext22                      text22       000000
__Htext23                      text23       000000
__Htext24                      text24       000000
__Htext25                      text25       000000
__Htext26                      text26       000000
__Htext27                      text27       000000
__Htext28                      text28       000000
__Htext29                      text29       000000
__Htext3                       text3        000000
__Htext30                      text30       000000
__Htext31                      text31       000000
__Htext32                      text32       000000
__Htext33                      text33       000000
__Htext34                      text34       000000
__Htext35                      text35       000000
__Htext36                      text36       000000
__Htext37                      text37       000000
__Htext38                      text38       000000
__Htext39                      text39       000000
__Htext4                       text4        000000
__Htext40                      text40       000000
__Htext41                      text41       000000
__Htext42                      text42       000000
__Htext43                      text43       000000
__Htext5                       text5        000000
__Htext6                       text6        000000
__Htext7                       text7        000000
__Htext8                       text8        000000
__Htext9                       text9        000000
__LRAM                         (abs)        000001
__L__absolute__                __absolute__ 000000
__Labs1                        abs1         000000
__Lbank0                       bank0        000000
__Lbank1                       bank1        000000
__Lbank2                       bank2        000000
__Lbank3                       bank3        000000
__Lbank4                       bank4        000000
__Lbank5                       bank5        000000
__Lbigbss                      bigbss       000000
__Lbigdata                     bigdata      000000
__Lbigram                      bigram       000000
__Lbigsfr                      bigsfr       000000
__Lbss                         bss          000000
__LbssBANK0                    bssBANK0     000000
__LbssBANK1                    bssBANK1     000000
__LbssCOMRAM                   bssCOMRAM    000000
__Lcinit                       cinit        000000
__Lclrtext                     clrtext      000000
__Lcomram                      comram       000000
__Lconfig                      config       000000
__Lconst                       const        000000
__LcstackCOMRAM                cstackCOMRAM 000000
__Ldata                        data         000000
__LdataBANK0                   dataBANK0    000000
__Leeprom_data                 eeprom_data  000000
__Lfarbss                      farbss       000000
__Lfardata                     fardata      000000
__Lheap                        heap         000000
__Libigdata                    ibigdata     000000
__Lidata                       idata        000000
__LidataBANK0                  idataBANK0   000000
__Lidloc                       idloc        000000
__Lifardata                    ifardata     000000
__Linit                        init         000000
__Lintcode                     intcode      000000
__Lintcode_body                intcode_body 000000
__Lintcodelo                   intcodelo    000000
__Lintentry                    intentry     000000
__Lintret                      intret       000000
__Lintsave_regs                intsave_regs 000000
__Lirdata                      irdata       000000
__Lmediumconst                 mediumconst  000000
__LnvFARRAM                    nvFARRAM     000000
__Lnvbit                       nvbit        000000
__Lnvrram                      nvrram       000000
__Lparam                       rparam       000000
__Lpowerup                     powerup      000000
__Lram                         ram          000000
__Lramtop                      ramtop       000600
__Lrbit                        rbit         000000
__Lrbss                        rbss         000000
__Lrdata                       rdata        000000
__Lreset_vec                   reset_vec    000000
__Lrparam                      rparam       000000
__Lsfr                         sfr          000000
__Lsivt_hi                     sivt_hi      000000
__Lsivt_lo                     sivt_lo      000000
__Lsmallconst                  smallconst   000600
__Lspace_0                     (abs)        000000
__Lspace_1                     (abs)        000000
__Lspace_2                     (abs)        000000
__Lspace_4                     (abs)        000000
__Lstack                       stack        000000
__Lstruct                      struct       000000
__Ltemp                        temp         000000
__Ltext                        text         000000
__Ltext0                       text0        000000
__Ltext1                       text1        000000
__Ltext10                      text10       000000
__Ltext11                      text11       000000
__Ltext12                      text12       000000
__Ltext13                      text13       000000
__Ltext14                      text14       000000
__Ltext15                      text15       000000
__Ltext16                      text16       000000
__Ltext17                      text17       000000
__Ltext18                      text18       000000
__Ltext19                      text19       000000
__Ltext2                       text2        000000
__Ltext20                      text20       000000
__Ltext21                      text21       000000
__Ltext22                      text22       000000
__Ltext23                      text23       000000
__Ltext24                      text24       000000
__Ltext25                      text25       000000
__Ltext26                      text26       000000
__Ltext27                      text27       000000
__Ltext28                      text28       000000
__Ltext29                      text29       000000
__Ltext3                       text3        000000
__Ltext30                      text30       000000
__Ltext31                      text31       000000
__Ltext32                      text32       000000
__Ltext33                      text33       000000
__Ltext34                      text34       000000
__Ltext35                      text35       000000
__Ltext36                      text36       000000
__Ltext37                      text37       000000
__Ltext38                      text38       000000
__Ltext39                      text39       000000
__Ltext4                       text4        000000
__Ltext40                      text40       000000
__Ltext41                      text41       000000
__Ltext42                      text42       000000
__Ltext43                      text43       000000
__Ltext5                       text5        000000
__Ltext6                       text6        000000
__Ltext7                       text7        000000
__Ltext8                       text8        000000
__Ltext9                       text9        000000
__S0                           (abs)        0021F2
__S1                           (abs)        000182
__S4                           (abs)        000000
__S5                           (abs)        000000
___awdiv                       text13       00198E
___awdiv@counter               cstackCOMRAM 000005
___awdiv@dividend              cstackCOMRAM 000001
___awdiv@divisor               cstackCOMRAM 000003
___awdiv@quotient              cstackCOMRAM 000007
___awdiv@sign                  cstackCOMRAM 000006
___awmod                       text12       001A50
___awmod@counter               cstackCOMRAM 000005
___awmod@dividend              cstackCOMRAM 000001
___awmod@divisor               cstackCOMRAM 000003
___awmod@sign                  cstackCOMRAM 000006
___heap_hi                     (abs)        000000
___heap_lo                     (abs)        000000
___inthi_sp                    stack        000000
___inthi_stack_hi              stack        000000
___inthi_stack_lo              stack        000000
___intlo_sp                    stack        000000
___intlo_stack_hi              stack        000000
___intlo_stack_lo              stack        000000
___lwdiv                       text9        001CAA
___lwdiv@counter               cstackCOMRAM 000007
___lwdiv@dividend              cstackCOMRAM 000001
___lwdiv@divisor               cstackCOMRAM 000003
___lwdiv@quotient              cstackCOMRAM 000005
___lwmod                       text8        001E6C
___lwmod@counter               cstackCOMRAM 000005
___lwmod@dividend              cstackCOMRAM 000001
___lwmod@divisor               cstackCOMRAM 000003
___param_bank                  (abs)        000000
___rparam_used                 (abs)        000001
___sp                          stack        000000
___stack_hi                    stack        000000
___stack_lo                    stack        000000
__accesstop                    (abs)        000060
__activetblptr                 (abs)        000002
__end_of___awdiv               text13       001A50
__end_of___awmod               text12       001AFE
__end_of___lwdiv               text9        001D1E
__end_of___lwmod               text8        001ED0
__end_of__initialization       cinit        001F5A
__end_of_clcd_print            text42       001E6C
__end_of_clcd_putch            text40       002162
__end_of_clcd_write            text43       00205C
__end_of_clear_log             text41       001F20
__end_of_display_log           text2        0018B8
__end_of_display_main_menu     text39       000E72
__end_of_download_log          text26       000C5C
__end_of_event_reader          text29       0016C2
__end_of_event_store           text6        001402
__end_of_get_time              text14       001CAA
__end_of_i2c_idle              text37       00219C
__end_of_i2c_no_ack            text38       0021F2
__end_of_i2c_read              text35       0021C4
__end_of_i2c_rep_start         text34       0021E4
__end_of_i2c_rx_mode           text36       0021EC
__end_of_i2c_start             text33       0021DC
__end_of_i2c_stop              text32       0021D4
__end_of_i2c_write             text31       0021B8
__end_of_init_adc              text25       0020E4
__end_of_init_clcd             text24       001BA4
__end_of_init_config           text17       00212C
__end_of_init_ds1307           text21       002022
__end_of_init_i2c              text20       0021AC
__end_of_init_matrix_keypad    text19       0021CC
__end_of_init_uart             text18       00218A
__end_of_initial_rtc           text5        001C2E
__end_of_main                  text0        00198E
__end_of_print_set_time        text11       000A00
__end_of_putch                 text28       002178
__end_of_puts                  text27       002090
__end_of_read_External_EEPROM  text30       00210E
__end_of_read_adc              text4        001FA4
__end_of_read_ds1307           text23       0020BA
__end_of_read_matrix_keypad    text15       001D92
__end_of_scan_key              text16       0017CA
__end_of_set_time              text10       001076
__end_of_view_dashboard        text3        001254
__end_of_view_log              text1        001562
__end_of_write_External_EEPROM text7        001FE4
__end_of_write_ds1307          text22       00214A
__initialization               cinit        001F20
__mediumconst                  mediumconst  000000
__pbssBANK0                    bssBANK0     0000CE
__pbssBANK1                    bssBANK1     000100
__pbssCOMRAM                   bssCOMRAM    00005F
__pcinit                       cinit        001F20
__pcstackCOMRAM                cstackCOMRAM 000001
__pdataBANK0                   dataBANK0    000060
__pidataBANK0                  idataBANK0   001D92
__psmallconst                  smallconst   000600
__ptext0                       text0        0018B8
__ptext1                       text1        001402
__ptext10                      text10       000E72
__ptext11                      text11       00067E
__ptext12                      text12       001A50
__ptext13                      text13       00198E
__ptext14                      text14       001C2E
__ptext15                      text15       001D1E
__ptext16                      text16       0016C2
__ptext17                      text17       00210E
__ptext18                      text18       002178
__ptext19                      text19       0021C4
__ptext2                       text2        0017CA
__ptext20                      text20       00219C
__ptext21                      text21       001FE4
__ptext22                      text22       00212C
__ptext23                      text23       002090
__ptext24                      text24       001AFE
__ptext25                      text25       0020BA
__ptext26                      text26       000A00
__ptext27                      text27       00205C
__ptext28                      text28       002162
__ptext29                      text29       001562
__ptext3                       text3        001076
__ptext30                      text30       0020E4
__ptext31                      text31       0021AC
__ptext32                      text32       0021CC
__ptext33                      text33       0021D4
__ptext34                      text34       0021DC
__ptext35                      text35       0021B8
__ptext36                      text36       0021E4
__ptext37                      text37       00218A
__ptext38                      text38       0021EC
__ptext39                      text39       000C5C
__ptext4                       text4        001F64
__ptext40                      text40       00214A
__ptext41                      text41       001ED0
__ptext42                      text42       001E00
__ptext43                      text43       002022
__ptext5                       text5        001BA4
__ptext6                       text6        001254
__ptext7                       text7        001FA4
__ptext8                       text8        001E6C
__ptext9                       text9        001CAA
__ramtop                       ramtop       000600
__smallconst                   smallconst   000600
_address                       bssBANK0     0000D9
_change_time_flag              dataBANK0    0000CC
_clcd_print                    text42       001E00
_clcd_putch                    text40       00214A
_clcd_write                    text43       002022
_clear_log                     text41       001ED0
_clock_reg                     bssBANK0     0000CE
_collision_status              bssBANK0     0000E4
_display_log                   text2        0017CA
_display_main_menu             text39       000C5C
_download_log                  text26       000A00
_eeprom_data                   bssBANK1     000100
_event_count                   bssBANK0     0000E3
_event_reader                  text29       001562
_event_store                   text6        001254
_gear_status                   bssBANK0     0000DB
_get_time                      text14       001C2E
_hour_delay                    bssBANK0     0000D5
_hour_var                      bssBANK0     0000DF
_i2c_idle                      text37       00218A
_i2c_no_ack                    text38       0021EC
_i2c_read                      text35       0021B8
_i2c_rep_start                 text34       0021DC
_i2c_rx_mode                   text36       0021E4
_i2c_start                     text33       0021D4
_i2c_stop                      text32       0021CC
_i2c_write                     text31       0021AC
_init_adc                      text25       0020BA
_init_clcd                     text24       001AFE
_init_config                   text17       00210E
_init_ds1307                   text21       001FE4
_init_i2c                      text20       00219C
_init_matrix_keypad            text19       0021C4
_init_uart                     text18       002178
_initial_rtc                   text5        001BA4
_key                           bssCOMRAM    00005F
_main                          text0        0018B8
_main_menu_status              dataBANK0    0000CD
_min_delay                     bssBANK0     0000D3
_min_var                       bssBANK0     0000DE
_print_set_time                text11       00067E
_putch                         text28       002162
_puts                          text27       00205C
_read_External_EEPROM          text30       0020E4
_read_adc                      text4        001F64
_read_ds1307                   text23       002090
_read_matrix_keypad            text15       001D1E
_scan_key                      text16       0016C2
_sec_delay                     bssBANK0     0000D1
_sec_var                       bssBANK0     0000DD
_set_time                      text10       000E72
_set_time_once                 bssBANK0     0000E0
_star_flag                     bssBANK0     0000E2
_star_up_flag                  bssBANK0     0000E1
_state                         bssBANK0     0000E5
_time                          bssBANK0     0000E6
_view_dashboard                text3        001076
_view_event                    bssBANK0     0000D7
_view_log                      text1        001402
_write_External_EEPROM         text7        001FA4
_write_ds1307                  text22       00212C
clcd_print@addr                cstackCOMRAM 000005
clcd_print@data                cstackCOMRAM 000003
clcd_putch@addr                cstackCOMRAM 000009
clcd_putch@data                cstackCOMRAM 00000A
clcd_write@byte                cstackCOMRAM 000002
clcd_write@control_bit         cstackCOMRAM 000001
display_log@str                cstackCOMRAM 00000B
display_main_menu@F10546       dataBANK0    000060
display_main_menu@main_menu    cstackCOMRAM 00000D
download_log@i                 cstackCOMRAM 000017
end_of_initialization          cinit        001F5A
event_reader@cur_address       cstackCOMRAM 00000C
event_reader@cur_address_358   cstackCOMRAM 000008
event_reader@i                 cstackCOMRAM 00000E
event_reader@i_359             cstackCOMRAM 00000A
event_reader@j                 cstackCOMRAM 000010
event_reader@j_360             cstackCOMRAM 000012
event_store@event_data         cstackCOMRAM 000014
event_store@gear               cstackCOMRAM 000009
event_store@i                  cstackCOMRAM 00000E
event_store@i_871              cstackCOMRAM 000010
event_store@j                  cstackCOMRAM 000012
event_store@speed              cstackCOMRAM 00000A
event_store@time               cstackCOMRAM 000008
i2c_write@data                 cstackCOMRAM 000001
init_ds1307@dummy              cstackCOMRAM 00000B
initial_rtc@str                cstackCOMRAM 00000B
intlevel0                      text         000000
intlevel1                      text         000000
intlevel2                      text         000000
intlevel3                      text         000000
isa$std                        (abs)        000001
isa$xinst                      (abs)        000000
print_set_time@hour            cstackCOMRAM 00000F
print_set_time@min             cstackCOMRAM 00000B
print_set_time@sec             cstackCOMRAM 00000C
putch@byte                     cstackCOMRAM 000001
puts@s                         cstackCOMRAM 000002
read_External_EEPROM@address   cstackCOMRAM 000002
read_External_EEPROM@data      cstackCOMRAM 000003
read_ds1307@address            cstackCOMRAM 000002
read_ds1307@data               cstackCOMRAM 000003
read_matrix_keypad@detection   cstackCOMRAM 000001
read_matrix_keypad@key         cstackCOMRAM 000002
read_matrix_keypad@once        dataBANK0    0000CB
stackhi                        (abs)        000000
stacklo                        (abs)        000000
start                          init         000000
start_initialization           cinit        001F20
view_dashboard@F10548          dataBANK0    0000B0
view_dashboard@adc_val         cstackCOMRAM 000032
view_dashboard@gear            cstackCOMRAM 000017
view_dashboard@speed           cstackCOMRAM 000034
write_External_EEPROM@address  cstackCOMRAM 000005
write_External_EEPROM@data     cstackCOMRAM 000002
write_External_EEPROM@wait     cstackCOMRAM 000003
write_ds1307@address           cstackCOMRAM 00000A
write_ds1307@data              cstackCOMRAM 000009


MODULE INFORMATION

Module		Function		Class		Link	Load	Size
UART.c
		_putch         		CODE           	2162	0000	22
		_init_uart     		CODE           	2178	0000	18
		_puts          		CODE           	205C	0000	52

UART.c estimated size: 92

download_log.c
		_download_log  		CODE           	0A00	0000	604

download_log.c estimated size: 604

view_dashboard.c
		_view_dashboard		CODE           	1076	0000	478

view_dashboard.c estimated size: 478

External_EEPROM.c
		_read_External_EEPROM		CODE           	20E4	0000	42
		_write_External_EEPROM		CODE           	1FA4	0000	64

External_EEPROM.c estimated size: 106

/Applications/microchip/xc8/v2.50/pic/sources/c99/common/awmod.c
		___awmod       		CODE           	1A50	0000	174

/Applications/microchip/xc8/v2.50/pic/sources/c99/common/awmod.c estimated size: 174

/Applications/microchip/xc8/v2.50/pic/sources/c99/common/lwdiv.c
		___lwdiv       		CODE           	1CAA	0000	116

/Applications/microchip/xc8/v2.50/pic/sources/c99/common/lwdiv.c estimated size: 116

I2C.c
		_i2c_start     		CODE           	21D4	0000	8
		_i2c_no_ack    		CODE           	21EC	0000	6
		_i2c_rep_start 		CODE           	21DC	0000	8
		_i2c_idle      		CODE           	218A	0000	18
		_i2c_write     		CODE           	21AC	0000	12
		_i2c_stop      		CODE           	21CC	0000	8
		_i2c_read      		CODE           	21B8	0000	12
		_init_i2c      		CODE           	219C	0000	16
		_i2c_rx_mode   		CODE           	21E4	0000	8

I2C.c estimated size: 96

display_main_menu.c
		_display_main_menu		CODE           	0C5C	0000	534

display_main_menu.c estimated size: 534

DS_1307.c
		_read_ds1307   		CODE           	2090	0000	42
		_write_ds1307  		CODE           	212C	0000	30
		_init_ds1307   		CODE           	1FE4	0000	62

DS_1307.c estimated size: 134

adc.c
		_init_adc      		CODE           	20BA	0000	42
		_read_adc      		CODE           	1F64	0000	64

adc.c estimated size: 106

/Applications/microchip/xc8/v2.50/pic/sources/c99/common/awdiv.c
		___awdiv       		CODE           	198E	0000	194

/Applications/microchip/xc8/v2.50/pic/sources/c99/common/awdiv.c estimated size: 194

clear_log.c
		_clear_log     		CODE           	1ED0	0000	80

clear_log.c estimated size: 80

shared
		__initialization		CODE           	1F20	0000	58

shared estimated size: 58

clcd.c
		_clcd_write    		CODE           	2022	0000	58
		_clcd_print    		CODE           	1E00	0000	108
		_clcd_putch    		CODE           	214A	0000	24
		_init_clcd     		CODE           	1AFE	0000	166

clcd.c estimated size: 356

Event_Store.c
		_event_store   		CODE           	1254	0000	430

Event_Store.c estimated size: 430

set_time.c
		_set_time      		CODE           	0E72	0000	516
		_print_set_time		CODE           	067E	0000	898

set_time.c estimated size: 1414

Matrix_keypad.c
		_init_matrix_keypad		CODE           	21C4	0000	8
		_read_matrix_keypad		CODE           	1D1E	0000	116
		_scan_key      		CODE           	16C2	0000	264

Matrix_keypad.c estimated size: 388

main.c
		_main          		CODE           	18B8	0000	214
		_init_config   		CODE           	210E	0000	30

main.c estimated size: 244

view_log.c
		_view_log      		CODE           	1402	0000	352
		_display_log   		CODE           	17CA	0000	238

view_log.c estimated size: 590

RTC.c
		_get_time      		CODE           	1C2E	0000	124
		_initial_rtc   		CODE           	1BA4	0000	138

RTC.c estimated size: 262

Event_reader.c
		_event_reader  		CODE           	1562	0000	352

Event_reader.c estimated size: 352

/Applications/microchip/xc8/v2.50/pic/sources/c99/common/lwmod.c
		___lwmod       		CODE           	1E6C	0000	100

/Applications/microchip/xc8/v2.50/pic/sources/c99/common/lwmod.c estimated size: 100

